// Jest Snapshot v1, https://goo.gl/fbAQLP

exports[`PlacesDropdown matches snapshot 1`] = `
<div
  class="MuiInputBase-root MuiInput-root MuiInput-underline makeStyles-select-1"
>
  <div
    aria-haspopup="listbox"
    class="MuiSelect-root MuiSelect-select MuiSelect-selectMenu MuiInputBase-input MuiInput-input"
    role="button"
    tabindex="0"
  >
    MSP Airport Terminal 1 - Lindbergh Station
  </div>
  <input
    aria-hidden="true"
    class="MuiSelect-nativeInput"
    placeholder="Select stop"
    tabindex="-1"
    value="LIND"
  />
  <svg
    aria-hidden="true"
    class="MuiSvgIcon-root MuiSelect-icon"
    focusable="false"
    viewBox="0 0 24 24"
  >
    <path
      d="M7 10l5 5 5-5z"
    />
  </svg>
</div>
`;
